# serializer version: 1
# name: test_init_no_template_success
  '''
  Native Apps project demo_na_project has been created in your local directory.
  
  '''
# ---
